// Jest Snapshot v1, https://goo.gl/fbAQLP

exports[`renders the checkbox component correctly 1`] = `
<fieldset
  className={null}
  id={null}
>
  <legend>
    Legend heading
  </legend>
  <p>
    Lorem Ipsum is simply dummy text of the printing and typesetting industry.
  </p>
</fieldset>
`;
